// Jest Snapshot v1, https://goo.gl/fbAQLP

exports[`Bookings data Render a list of places 1`] = `
<ul
  aria-label="places"
>
  <li>
    <a
      class="link"
      href="/6092e208e9e24bf5b66a86bd"
    >
      <div>
        <p>
          Handcrafted Motel
        </p>
        <p>
          Andy shoes are designed to keeping in mind durability as well as trends, the most stylish range of shoes & sandals
        </p>
        <p>
          969 Bins Drive, East Jeanetteshire, Massachusetts, 71540-6907
        </p>
        <p>
          118
        </p>
        <img
          alt="Handcrafted Motel"
          src="http://placeimg.com/1080/800/nightlife"
        />
        <p>
          4
        </p>
        <p>
          No Pets Allowed
        </p>
        <p>
          Has a Pool!
        </p>
      </div>
    </a>
  </li>
  <li>
    <a
      class="link"
      href="/6092e208e9e24bf5b66a86cb"
    >
      <div>
        <p>
          Gorgeous Zoo
        </p>
        <p>
          Carbonite web goalkeeper gloves are ergonomically designed to give easy fit
        </p>
        <p>
          6117 Lesch Common, Port Rooseveltburgh, Delaware, 74313-1008
        </p>
        <p>
          643
        </p>
        <img
          alt="Gorgeous Zoo"
          src="http://placeimg.com/1080/800"
        />
        <p>
          10
        </p>
        <p>
          No Pets Allowed
        </p>
        <p>
          Has a Pool!
        </p>
        <p>
          Free Wifi
        </p>
      </div>
    </a>
  </li>
  <li>
    <a
      class="link"
      href="/6092e208e9e24bf5b66a86d5"
    >
      <div>
        <p>
          Refined Hotel
        </p>
        <p>
          The Football Is Good For Training And Recreational Purposes
        </p>
        <p>
          075 Nienow Mountain, Parisianland, Michigan, 68160-2366
        </p>
        <p>
          293
        </p>
        <img
          alt="Refined Hotel"
          src="http://placeimg.com/1080/800/nature"
        />
        <p>
          16
        </p>
        <p>
          Pet Friendly
        </p>
        <p>
          Free Wifi
        </p>
      </div>
    </a>
  </li>
  <li>
    <a
      class="link"
      href="/6092e208e9e24bf5b66a86d6"
    >
      <div>
        <p>
          Sleek Motel
        </p>
        <p>
          Ergonomic executive chair upholstered in bonded black leather and PVC padded seat and back for all-day comfort and support
        </p>
        <p>
          95781 Heller Loaf, Londonburgh, Alaska, 34969-9053
        </p>
        <p>
          696
        </p>
        <img
          alt="Sleek Motel"
          src="http://placeimg.com/1080/800/nightlife"
        />
        <p>
          6
        </p>
        <p>
          Pet Friendly
        </p>
        <p>
          Has a Pool!
        </p>
        <p>
          Free Wifi
        </p>
      </div>
    </a>
  </li>
  <li>
    <a
      class="link"
      href="/6092e208e9e24bf5b66a86c2"
    >
      <div>
        <p>
          Gorgeous Suites
        </p>
        <p>
          New ABC 13 9370, 13.3, 5th Gen CoreA5-8250U, 8GB RAM, 256GB SSD, power UHD Graphics, OS 10 Home, OS Office A & J 2016
        </p>
        <p>
          96144 Frami Corner, Clovis, Texas, 53871
        </p>
        <p>
          470
        </p>
        <img
          alt="Gorgeous Suites"
          src="http://placeimg.com/1080/800/nightlife"
        />
        <p>
          8
        </p>
        <p>
          Pet Friendly
        </p>
      </div>
    </a>
  </li>
  <li>
    <a
      class="link"
      href="/6092e208e9e24bf5b66a86c1"
    >
      <div>
        <p>
          Small Motel
        </p>
        <p>
          New ABC 13 9370, 13.3, 5th Gen CoreA5-8250U, 8GB RAM, 256GB SSD, power UHD Graphics, OS 10 Home, OS Office A & J 2016
        </p>
        <p>
          95814 Sally Extensions, Lake Elsinore, South Carolina, 34892
        </p>
        <p>
          489
        </p>
        <img
          alt="Small Motel"
          src="http://placeimg.com/1080/800"
        />
        <p>
          22
        </p>
        <p>
          Pet Friendly
        </p>
        <p>
          Free Wifi
        </p>
      </div>
    </a>
  </li>
  <li>
    <a
      class="link"
      href="/6092e208e9e24bf5b66a86c9"
    >
      <div>
        <p>
          Refined Park
        </p>
        <p>
          New ABC 13 9370, 13.3, 5th Gen CoreA5-8250U, 8GB RAM, 256GB SSD, power UHD Graphics, OS 10 Home, OS Office A & J 2016
        </p>
        <p>
          9672 Jose Ramp, Lake Lacy, Colorado, 87937
        </p>
        <p>
          592
        </p>
        <img
          alt="Refined Park"
          src="http://placeimg.com/1080/800/nightlife"
        />
        <p>
          11
        </p>
        <p>
          Pet Friendly
        </p>
        <p>
          Has a Pool!
        </p>
        <p>
          Free Wifi
        </p>
      </div>
    </a>
  </li>
  <li>
    <a
      class="link"
      href="/6092e208e9e24bf5b66a86d2"
    >
      <div>
        <p>
          Rustic Inn
        </p>
        <p>
          Boston's most advanced compression wear technology increases muscle oxygenation, stabilizes active muscles
        </p>
        <p>
          066 Reilly Turnpike, South Chandlerview, Arkansas, 98921-4101
        </p>
        <p>
          242
        </p>
        <img
          alt="Rustic Inn"
          src="http://placeimg.com/1080/800"
        />
        <p>
          12
        </p>
        <p>
          Pet Friendly
        </p>
        <p>
          Has a Pool!
        </p>
      </div>
    </a>
  </li>
  <li>
    <a
      class="link"
      href="/6092e208e9e24bf5b66a86e2"
    >
      <div>
        <p>
          Incredible Express
        </p>
        <p>
          New ABC 13 9370, 13.3, 5th Gen CoreA5-8250U, 8GB RAM, 256GB SSD, power UHD Graphics, OS 10 Home, OS Office A & J 2016
        </p>
        <p>
          2617 Kub Passage, Richland, Michigan, 34323-6062
        </p>
        <p>
          536
        </p>
        <img
          alt="Incredible Express"
          src="http://placeimg.com/1080/800/nightlife"
        />
        <p>
          7
        </p>
        <p>
          No Pets Allowed
        </p>
        <p>
          Free Wifi
        </p>
      </div>
    </a>
  </li>
  <li>
    <a
      class="link"
      href="/6092e208e9e24bf5b66a86bf"
    >
      <div>
        <p>
          Intelligent Zoo
        </p>
        <p>
          The automobile layout consists of a front-engine design, with transaxle-type transmissions mounted at the rear of the engine and four wheel drive
        </p>
        <p>
          14360 Zulauf Shore, Murrieta, Wisconsin, 44410-3765
        </p>
        <p>
          694
        </p>
        <img
          alt="Intelligent Zoo"
          src="http://placeimg.com/1080/800/nature"
        />
        <p>
          10
        </p>
        <p>
          No Pets Allowed
        </p>
        <p>
          Has a Pool!
        </p>
        <p>
          Free Wifi
        </p>
      </div>
    </a>
  </li>
  <li>
    <a
      class="link"
      href="/6092e208e9e24bf5b66a86c4"
    >
      <div>
        <p>
          Handmade Express
        </p>
        <p>
          The slim & simple Maple Gaming Keyboard from Dev Byte comes with a sleek body and 7- Color RGB LED Back-lighting for smart functionality
        </p>
        <p>
          8322 Kobe Ramp, Shaynachester, Arizona, 09675-2240
        </p>
        <p>
          698
        </p>
        <img
          alt="Handmade Express"
          src="http://placeimg.com/1080/800/nightlife"
        />
        <p>
          5
        </p>
        <p>
          No Pets Allowed
        </p>
        <p>
          Free Wifi
        </p>
      </div>
    </a>
  </li>
  <li>
    <a
      class="link"
      href="/6092e208e9e24bf5b66a86d4"
    >
      <div>
        <p>
          Awesome Hotel
        </p>
        <p>
          Ergonomic executive chair upholstered in bonded black leather and PVC padded seat and back for all-day comfort and support
        </p>
        <p>
          21325 Emilie Wall, Greenfelderfurt, Texas, 33305
        </p>
        <p>
          627
        </p>
        <img
          alt="Awesome Hotel"
          src="http://placeimg.com/1080/800/nightlife"
        />
        <p>
          15
        </p>
        <p>
          No Pets Allowed
        </p>
      </div>
    </a>
  </li>
  <li>
    <a
      class="link"
      href="/6092e208e9e24bf5b66a86c7"
    >
      <div>
        <p>
          Handmade Zoo
        </p>
        <p>
          Boston's most advanced compression wear technology increases muscle oxygenation, stabilizes active muscles
        </p>
        <p>
          891 Blick Spring, Johnsstad, Minnesota, 07207
        </p>
        <p>
          211
        </p>
        <img
          alt="Handmade Zoo"
          src="http://placeimg.com/1080/800"
        />
        <p>
          21
        </p>
        <p>
          No Pets Allowed
        </p>
        <p>
          Has a Pool!
        </p>
      </div>
    </a>
  </li>
  <li>
    <a
      class="link"
      href="/6092e1d88cb048f1d3300bda"
    >
      <div>
        <p>
          Gorgeous Inn
        </p>
        <p>
          New range of formal shirts are designed keeping you in mind. With fits and styling that will make you stand apart
        </p>
        <p>
          48830 Elijah Forge, Milanport, South Carolina, 29153
        </p>
        <p>
          206
        </p>
        <img
          alt="Gorgeous Inn"
          src="http://placeimg.com/1080/800/nightlife"
        />
        <p>
          15
        </p>
        <p>
          Pet Friendly
        </p>
        <p>
          Free Wifi
        </p>
      </div>
    </a>
  </li>
  <li>
    <a
      class="link"
      href="/6092e1d88cb048f1d3300bdc"
    >
      <div>
        <p>
          Unbranded Motel
        </p>
        <p>
          New range of formal shirts are designed keeping you in mind. With fits and styling that will make you stand apart
        </p>
        <p>
          43717 Kris Neck, Fort Collins, Indiana, 10029-4317
        </p>
        <p>
          588
        </p>
        <img
          alt="Unbranded Motel"
          src="http://placeimg.com/1080/800/nightlife"
        />
        <p>
          4
        </p>
        <p>
          No Pets Allowed
        </p>
        <p>
          Free Wifi
        </p>
      </div>
    </a>
  </li>
  <li>
    <a
      class="link"
      href="/6092e208e9e24bf5b66a86bc"
    >
      <div>
        <p>
          Incredible Hotel
        </p>
        <p>
          Andy shoes are designed to keeping in mind durability as well as trends, the most stylish range of shoes & sandals
        </p>
        <p>
          0288 Brianne Land, Harlingen, Massachusetts, 19884-7832
        </p>
        <p>
          654
        </p>
        <img
          alt="Incredible Hotel"
          src="http://placeimg.com/1080/800/nature"
        />
        <p>
          9
        </p>
        <p>
          No Pets Allowed
        </p>
        <p>
          Has a Pool!
        </p>
        <p>
          Free Wifi
        </p>
      </div>
    </a>
  </li>
  <li>
    <a
      class="link"
      href="/6092e208e9e24bf5b66a86c8"
    >
      <div>
        <p>
          Practical Express
        </p>
        <p>
          The automobile layout consists of a front-engine design, with transaxle-type transmissions mounted at the rear of the engine and four wheel drive
        </p>
        <p>
          2181 Jamal Ridge, Wiegandside, Texas, 52486
        </p>
        <p>
          76
        </p>
        <img
          alt="Practical Express"
          src="http://placeimg.com/1080/800"
        />
        <p>
          2
        </p>
        <p>
          Pet Friendly
        </p>
      </div>
    </a>
  </li>
  <li>
    <a
      class="link"
      href="/6092e208e9e24bf5b66a86d3"
    >
      <div>
        <p>
          Ergonomic Inn
        </p>
        <p>
          The beautiful range of Apple Naturalé that has an exciting mix of natural ingredients. With the Goodness of 100% Natural Ingredients
        </p>
        <p>
          536 William Freeway, Anissabury, Massachusetts, 41193-1337
        </p>
        <p>
          363
        </p>
        <img
          alt="Ergonomic Inn"
          src="http://placeimg.com/1080/800/nature"
        />
        <p>
          3
        </p>
        <p>
          No Pets Allowed
        </p>
        <p>
          Has a Pool!
        </p>
        <p>
          Free Wifi
        </p>
      </div>
    </a>
  </li>
  <li>
    <a
      class="link"
      href="/6092e208e9e24bf5b66a86e3"
    >
      <div>
        <p>
          Small Hotel
        </p>
        <p>
          Carbonite web goalkeeper gloves are ergonomically designed to give easy fit
        </p>
        <p>
          8553 Eloy Hollow, North Blairport, Louisiana, 93638-6384
        </p>
        <p>
          588
        </p>
        <img
          alt="Small Hotel"
          src="http://placeimg.com/1080/800/nature"
        />
        <p>
          10
        </p>
        <p>
          Pet Friendly
        </p>
      </div>
    </a>
  </li>
  <li>
    <a
      class="link"
      href="/6092e208e9e24bf5b66a86da"
    >
      <div>
        <p>
          Licensed Park
        </p>
        <p>
          New ABC 13 9370, 13.3, 5th Gen CoreA5-8250U, 8GB RAM, 256GB SSD, power UHD Graphics, OS 10 Home, OS Office A & J 2016
        </p>
        <p>
          9286 Kuhn Cove, Willmsborough, New York, 66989
        </p>
        <p>
          656
        </p>
        <img
          alt="Licensed Park"
          src="http://placeimg.com/1080/800"
        />
        <p>
          24
        </p>
        <p>
          No Pets Allowed
        </p>
      </div>
    </a>
  </li>
  <li>
    <a
      class="link"
      href="/6092e208e9e24bf5b66a86b9"
    >
      <div>
        <p>
          Gorgeous Zoo
        </p>
        <p>
          The beautiful range of Apple Naturalé that has an exciting mix of natural ingredients. With the Goodness of 100% Natural Ingredients
        </p>
        <p>
          0035 Beer Place, Pearl City, North Dakota, 13949
        </p>
        <p>
          590
        </p>
        <img
          alt="Gorgeous Zoo"
          src="http://placeimg.com/1080/800/nature"
        />
        <p>
          15
        </p>
        <p>
          Pet Friendly
        </p>
        <p>
          Free Wifi
        </p>
      </div>
    </a>
  </li>
  <li>
    <a
      class="link"
      href="/6092e208e9e24bf5b66a86bb"
    >
      <div>
        <p>
          Small Inn
        </p>
        <p>
          The Apollotech B340 is an affordable wireless mouse with reliable connectivity, 12 months battery life and modern design
        </p>
        <p>
          17049 Seamus Landing, Auerville, North Dakota, 72886
        </p>
        <p>
          242
        </p>
        <img
          alt="Small Inn"
          src="http://placeimg.com/1080/800"
        />
        <p>
          9
        </p>
        <p>
          Pet Friendly
        </p>
        <p>
          Has a Pool!
        </p>
      </div>
    </a>
  </li>
  <li>
    <a
      class="link"
      href="/6092e208e9e24bf5b66a86be"
    >
      <div>
        <p>
          Handmade Zoo
        </p>
        <p>
          The slim & simple Maple Gaming Keyboard from Dev Byte comes with a sleek body and 7- Color RGB LED Back-lighting for smart functionality
        </p>
        <p>
          61534 Miller Extensions, Hillsfurt, Delaware, 84534-5651
        </p>
        <p>
          543
        </p>
        <img
          alt="Handmade Zoo"
          src="http://placeimg.com/1080/800/nature"
        />
        <p>
          20
        </p>
        <p>
          No Pets Allowed
        </p>
        <p>
          Has a Pool!
        </p>
        <p>
          Free Wifi
        </p>
      </div>
    </a>
  </li>
  <li>
    <a
      class="link"
      href="/6092e208e9e24bf5b66a86cc"
    >
      <div>
        <p>
          Incredible Motel
        </p>
        <p>
          The automobile layout consists of a front-engine design, with transaxle-type transmissions mounted at the rear of the engine and four wheel drive
        </p>
        <p>
          210 Jazmyne Trafficway, Mertieburgh, Wyoming, 40635
        </p>
        <p>
          109
        </p>
        <img
          alt="Incredible Motel"
          src="http://placeimg.com/1080/800/nightlife"
        />
        <p>
          17
        </p>
        <p>
          No Pets Allowed
        </p>
        <p>
          Has a Pool!
        </p>
        <p>
          Free Wifi
        </p>
      </div>
    </a>
  </li>
  <li>
    <a
      class="link"
      href="/6092e208e9e24bf5b66a86cd"
    >
      <div>
        <p>
          Incredible Express
        </p>
        <p>
          The Football Is Good For Training And Recreational Purposes
        </p>
        <p>
          571 Jerrold Key, Port Rorytown, Virginia, 48326-6988
        </p>
        <p>
          582
        </p>
        <img
          alt="Incredible Express"
          src="http://placeimg.com/1080/800/nightlife"
        />
        <p>
          6
        </p>
        <p>
          Pet Friendly
        </p>
      </div>
    </a>
  </li>
  <li>
    <a
      class="link"
      href="/6092e208e9e24bf5b66a86df"
    >
      <div>
        <p>
          Tasty Suites
        </p>
        <p>
          Ergonomic executive chair upholstered in bonded black leather and PVC padded seat and back for all-day comfort and support
        </p>
        <p>
          050 Osinski Square, Brakusport, Washington, 45723-4945
        </p>
        <p>
          497
        </p>
        <img
          alt="Tasty Suites"
          src="http://placeimg.com/1080/800"
        />
        <p>
          21
        </p>
        <p>
          Pet Friendly
        </p>
        <p>
          Has a Pool!
        </p>
      </div>
    </a>
  </li>
  <li>
    <a
      class="link"
      href="/6092e208e9e24bf5b66a86e4"
    >
      <div>
        <p>
          Incredible Zoo
        </p>
        <p>
          Carbonite web goalkeeper gloves are ergonomically designed to give easy fit
        </p>
        <p>
          0012 Lang Curve, North Elmerville, Oklahoma, 25930
        </p>
        <p>
          296
        </p>
        <img
          alt="Incredible Zoo"
          src="http://placeimg.com/1080/800/nightlife"
        />
        <p>
          13
        </p>
        <p>
          Pet Friendly
        </p>
        <p>
          Free Wifi
        </p>
      </div>
    </a>
  </li>
  <li>
    <a
      class="link"
      href="/6092e208e9e24bf5b66a86c6"
    >
      <div>
        <p>
          Intelligent Park
        </p>
        <p>
          Carbonite web goalkeeper gloves are ergonomically designed to give easy fit
        </p>
        <p>
          502 Eugenia Route, Lake Jayde, West Virginia, 60332-5889
        </p>
        <p>
          289
        </p>
        <img
          alt="Intelligent Park"
          src="http://placeimg.com/1080/800/nature"
        />
        <p>
          8
        </p>
        <p>
          No Pets Allowed
        </p>
        <p>
          Free Wifi
        </p>
      </div>
    </a>
  </li>
  <li>
    <a
      class="link"
      href="/6092e208e9e24bf5b66a86ba"
    >
      <div>
        <p>
          Intelligent Inn
        </p>
        <p>
          New ABC 13 9370, 13.3, 5th Gen CoreA5-8250U, 8GB RAM, 256GB SSD, power UHD Graphics, OS 10 Home, OS Office A & J 2016
        </p>
        <p>
          0960 Hartmann Flat, Eden Prairie, Indiana, 78982
        </p>
        <p>
          659
        </p>
        <img
          alt="Intelligent Inn"
          src="http://placeimg.com/1080/800/nature"
        />
        <p>
          8
        </p>
        <p>
          No Pets Allowed
        </p>
        <p>
          Has a Pool!
        </p>
        <p>
          Free Wifi
        </p>
      </div>
    </a>
  </li>
  <li>
    <a
      class="link"
      href="/6092e208e9e24bf5b66a86d1"
    >
      <div>
        <p>
          Fantastic Park
        </p>
        <p>
          The automobile layout consists of a front-engine design, with transaxle-type transmissions mounted at the rear of the engine and four wheel drive
        </p>
        <p>
          72794 Eldon Vista, South Gate, California, 63027
        </p>
        <p>
          236
        </p>
        <img
          alt="Fantastic Park"
          src="http://placeimg.com/1080/800"
        />
        <p>
          16
        </p>
        <p>
          Pet Friendly
        </p>
      </div>
    </a>
  </li>
  <li>
    <a
      class="link"
      href="/6092e1d88cb048f1d3300bd9"
    >
      <div>
        <p>
          Fantastic Park
        </p>
        <p>
          The slim & simple Maple Gaming Keyboard from Dev Byte comes with a sleek body and 7- Color RGB LED Back-lighting for smart functionality
        </p>
        <p>
          68535 Tyrel Inlet, Davismouth, Georgia, 29036
        </p>
        <p>
          229
        </p>
        <img
          alt="Fantastic Park"
          src="http://placeimg.com/1080/800"
        />
        <p>
          21
        </p>
        <p>
          Pet Friendly
        </p>
        <p>
          Has a Pool!
        </p>
      </div>
    </a>
  </li>
  <li>
    <a
      class="link"
      href="/6092e1d88cb048f1d3300bdb"
    >
      <div>
        <p>
          Practical Inn
        </p>
        <p>
          Andy shoes are designed to keeping in mind durability as well as trends, the most stylish range of shoes & sandals
        </p>
        <p>
          0854 Mayert Cove, North Emie, Arkansas, 86121
        </p>
        <p>
          545
        </p>
        <img
          alt="Practical Inn"
          src="http://placeimg.com/1080/800/nature"
        />
        <p>
          24
        </p>
        <p>
          Pet Friendly
        </p>
        <p>
          Has a Pool!
        </p>
      </div>
    </a>
  </li>
  <li>
    <a
      class="link"
      href="/6092e208e9e24bf5b66a86c5"
    >
      <div>
        <p>
          Sleek Inn
        </p>
        <p>
          The Nagasaki Lander is the trademarked name of several series of Nagasaki sport bikes, that started with the 1984 ABC800J
        </p>
        <p>
          2135 Sauer Junction, Bartlett, Nevada, 21155-9409
        </p>
        <p>
          269
        </p>
        <img
          alt="Sleek Inn"
          src="http://placeimg.com/1080/800"
        />
        <p>
          24
        </p>
        <p>
          No Pets Allowed
        </p>
        <p>
          Free Wifi
        </p>
      </div>
    </a>
  </li>
  <li>
    <a
      class="link"
      href="/6092e208e9e24bf5b66a86c3"
    >
      <div>
        <p>
          Handmade Suites
        </p>
        <p>
          Andy shoes are designed to keeping in mind durability as well as trends, the most stylish range of shoes & sandals
        </p>
        <p>
          7757 Padberg Ford, South Loriton, Louisiana, 23724-1630
        </p>
        <p>
          334
        </p>
        <img
          alt="Handmade Suites"
          src="http://placeimg.com/1080/800"
        />
        <p>
          13
        </p>
        <p>
          No Pets Allowed
        </p>
      </div>
    </a>
  </li>
  <li>
    <a
      class="link"
      href="/6092e208e9e24bf5b66a86cf"
    >
      <div>
        <p>
          Practical Suites
        </p>
        <p>
          The Apollotech B340 is an affordable wireless mouse with reliable connectivity, 12 months battery life and modern design
        </p>
        <p>
          960 Mark Trace, Laredo, Colorado, 90528-0882
        </p>
        <p>
          217
        </p>
        <img
          alt="Practical Suites"
          src="http://placeimg.com/1080/800/nightlife"
        />
        <p>
          6
        </p>
        <p>
          Pet Friendly
        </p>
      </div>
    </a>
  </li>
  <li>
    <a
      class="link"
      href="/6092e208e9e24bf5b66a86d7"
    >
      <div>
        <p>
          Intelligent Zoo
        </p>
        <p>
          New range of formal shirts are designed keeping you in mind. With fits and styling that will make you stand apart
        </p>
        <p>
          63261 Alanis Fort, New Jessy, North Carolina, 23399-4640
        </p>
        <p>
          467
        </p>
        <img
          alt="Intelligent Zoo"
          src="http://placeimg.com/1080/800"
        />
        <p>
          18
        </p>
        <p>
          Pet Friendly
        </p>
        <p>
          Has a Pool!
        </p>
      </div>
    </a>
  </li>
  <li>
    <a
      class="link"
      href="/6092e1d88cb048f1d3300bdd"
    >
      <div>
        <p>
          Ergonomic Zoo
        </p>
        <p>
          Carbonite web goalkeeper gloves are ergonomically designed to give easy fit
        </p>
        <p>
          4739 Kirlin Inlet, South Ernesto, Nebraska, 09771
        </p>
        <p>
          624
        </p>
        <img
          alt="Ergonomic Zoo"
          src="http://placeimg.com/1080/800/nightlife"
        />
        <p>
          4
        </p>
        <p>
          Pet Friendly
        </p>
        <p>
          Has a Pool!
        </p>
        <p>
          Free Wifi
        </p>
      </div>
    </a>
  </li>
  <li>
    <a
      class="link"
      href="/6092e208e9e24bf5b66a86c0"
    >
      <div>
        <p>
          Handmade Park
        </p>
        <p>
          The Apollotech B340 is an affordable wireless mouse with reliable connectivity, 12 months battery life and modern design
        </p>
        <p>
          00188 Ottis Estates, Leopoldoland, North Carolina, 63657
        </p>
        <p>
          531
        </p>
        <img
          alt="Handmade Park"
          src="http://placeimg.com/1080/800/nightlife"
        />
        <p>
          16
        </p>
        <p>
          No Pets Allowed
        </p>
        <p>
          Has a Pool!
        </p>
        <p>
          Free Wifi
        </p>
      </div>
    </a>
  </li>
  <li>
    <a
      class="link"
      href="/6092e208e9e24bf5b66a86d8"
    >
      <div>
        <p>
          Fantastic Express
        </p>
        <p>
          The automobile layout consists of a front-engine design, with transaxle-type transmissions mounted at the rear of the engine and four wheel drive
        </p>
        <p>
          203 Spencer Harbor, Lake Adaline, Utah, 17670-9917
        </p>
        <p>
          96
        </p>
        <img
          alt="Fantastic Express"
          src="http://placeimg.com/1080/800/nature"
        />
        <p>
          3
        </p>
        <p>
          Pet Friendly
        </p>
        <p>
          Free Wifi
        </p>
      </div>
    </a>
  </li>
  <li>
    <a
      class="link"
      href="/6092e208e9e24bf5b66a86de"
    >
      <div>
        <p>
          Small Zoo
        </p>
        <p>
          Boston's most advanced compression wear technology increases muscle oxygenation, stabilizes active muscles
        </p>
        <p>
          198 D'Amore Common, Grand Prairie, Texas, 99897
        </p>
        <p>
          676
        </p>
        <img
          alt="Small Zoo"
          src="http://placeimg.com/1080/800/nature"
        />
        <p>
          10
        </p>
        <p>
          Pet Friendly
        </p>
        <p>
          Free Wifi
        </p>
      </div>
    </a>
  </li>
  <li>
    <a
      class="link"
      href="/6092e208e9e24bf5b66a86ca"
    >
      <div>
        <p>
          Unbranded Motel
        </p>
        <p>
          The Nagasaki Lander is the trademarked name of several series of Nagasaki sport bikes, that started with the 1984 ABC800J
        </p>
        <p>
          10882 Mathew Green, Prosaccoport, Hawaii, 93730-0489
        </p>
        <p>
          445
        </p>
        <img
          alt="Unbranded Motel"
          src="http://placeimg.com/1080/800"
        />
        <p>
          17
        </p>
        <p>
          Pet Friendly
        </p>
        <p>
          Free Wifi
        </p>
      </div>
    </a>
  </li>
  <li>
    <a
      class="link"
      href="/6092e208e9e24bf5b66a86d9"
    >
      <div>
        <p>
          Intelligent Hotel
        </p>
        <p>
          The Football Is Good For Training And Recreational Purposes
        </p>
        <p>
          3978 Mayert Mountains, East Kellenshire, Ohio, 49843-3078
        </p>
        <p>
          698
        </p>
        <img
          alt="Intelligent Hotel"
          src="http://placeimg.com/1080/800/nature"
        />
        <p>
          7
        </p>
        <p>
          Pet Friendly
        </p>
        <p>
          Free Wifi
        </p>
      </div>
    </a>
  </li>
  <li>
    <a
      class="link"
      href="/6092e208e9e24bf5b66a86dc"
    >
      <div>
        <p>
          Sleek Suites
        </p>
        <p>
          Ergonomic executive chair upholstered in bonded black leather and PVC padded seat and back for all-day comfort and support
        </p>
        <p>
          77410 Legros Run, Jackson, Montana, 56884-8327
        </p>
        <p>
          667
        </p>
        <img
          alt="Sleek Suites"
          src="http://placeimg.com/1080/800/nature"
        />
        <p>
          4
        </p>
        <p>
          Pet Friendly
        </p>
        <p>
          Free Wifi
        </p>
      </div>
    </a>
  </li>
  <li>
    <a
      class="link"
      href="/6092e208e9e24bf5b66a86e0"
    >
      <div>
        <p>
          Tasty Hotel
        </p>
        <p>
          Ergonomic executive chair upholstered in bonded black leather and PVC padded seat and back for all-day comfort and support
        </p>
        <p>
          427 Reinger Garden, Bartonland, Maryland, 56255-6879
        </p>
        <p>
          299
        </p>
        <img
          alt="Tasty Hotel"
          src="http://placeimg.com/1080/800/nature"
        />
        <p>
          20
        </p>
        <p>
          Pet Friendly
        </p>
        <p>
          Has a Pool!
        </p>
        <p>
          Free Wifi
        </p>
      </div>
    </a>
  </li>
  <li>
    <a
      class="link"
      href="/6092e208e9e24bf5b66a86e5"
    >
      <div>
        <p>
          Generic Park
        </p>
        <p>
          Andy shoes are designed to keeping in mind durability as well as trends, the most stylish range of shoes & sandals
        </p>
        <p>
          6714 Koepp Rue, Jaidachester, Kentucky, 26578
        </p>
        <p>
          91
        </p>
        <img
          alt="Generic Park"
          src="http://placeimg.com/1080/800/nature"
        />
        <p>
          25
        </p>
        <p>
          Pet Friendly
        </p>
        <p>
          Has a Pool!
        </p>
        <p>
          Free Wifi
        </p>
      </div>
    </a>
  </li>
  <li>
    <a
      class="link"
      href="/6092e208e9e24bf5b66a86dd"
    >
      <div>
        <p>
          Practical Suites
        </p>
        <p>
          Ergonomic executive chair upholstered in bonded black leather and PVC padded seat and back for all-day comfort and support
        </p>
        <p>
          1897 Kuphal Points, Lake Alexanneberg, New York, 16792
        </p>
        <p>
          666
        </p>
        <img
          alt="Practical Suites"
          src="http://placeimg.com/1080/800"
        />
        <p>
          13
        </p>
        <p>
          Pet Friendly
        </p>
        <p>
          Free Wifi
        </p>
      </div>
    </a>
  </li>
  <li>
    <a
      class="link"
      href="/6092e208e9e24bf5b66a86e1"
    >
      <div>
        <p>
          Unbranded Express
        </p>
        <p>
          Carbonite web goalkeeper gloves are ergonomically designed to give easy fit
        </p>
        <p>
          852 Verna Land, Goldnermouth, Colorado, 72343
        </p>
        <p>
          387
        </p>
        <img
          alt="Unbranded Express"
          src="http://placeimg.com/1080/800/nature"
        />
        <p>
          5
        </p>
        <p>
          Pet Friendly
        </p>
        <p>
          Free Wifi
        </p>
      </div>
    </a>
  </li>
  <li>
    <a
      class="link"
      href="/6092e208e9e24bf5b66a86d0"
    >
      <div>
        <p>
          Practical Suites
        </p>
        <p>
          The Apollotech B340 is an affordable wireless mouse with reliable connectivity, 12 months battery life and modern design
        </p>
        <p>
          10546 Jaquan Rest, West Shanon, South Carolina, 35257
        </p>
        <p>
          530
        </p>
        <img
          alt="Practical Suites"
          src="http://placeimg.com/1080/800"
        />
        <p>
          2
        </p>
        <p>
          Pet Friendly
        </p>
        <p>
          Has a Pool!
        </p>
      </div>
    </a>
  </li>
  <li>
    <a
      class="link"
      href="/6092e208e9e24bf5b66a86db"
    >
      <div>
        <p>
          Refined Zoo
        </p>
        <p>
          New range of formal shirts are designed keeping you in mind. With fits and styling that will make you stand apart
        </p>
        <p>
          454 Koss Common, Ariport, Nevada, 28684
        </p>
        <p>
          92
        </p>
        <img
          alt="Refined Zoo"
          src="http://placeimg.com/1080/800/nature"
        />
        <p>
          18
        </p>
        <p>
          Pet Friendly
        </p>
      </div>
    </a>
  </li>
  <li>
    <a
      class="link"
      href="/6092e208e9e24bf5b66a86ce"
    >
      <div>
        <p>
          Incredible Express
        </p>
        <p>
          The Nagasaki Lander is the trademarked name of several series of Nagasaki sport bikes, that started with the 1984 ABC800J
        </p>
        <p>
          1588 Stokes Road, Medaville, Massachusetts, 99898-0256
        </p>
        <p>
          497
        </p>
        <img
          alt="Incredible Express"
          src="http://placeimg.com/1080/800/nature"
        />
        <p>
          4
        </p>
        <p>
          No Pets Allowed
        </p>
        <p>
          Free Wifi
        </p>
      </div>
    </a>
  </li>
</ul>
`;
